Archive member included because of file (symbol)

c:/program files/gnu tools arm embedded/4.7 2013q2/bin/../lib/gcc/arm-none-eabi/4.7.4/armv6-m\libgcc.a(_udivsi3.o)
                              ..\obj\stm32f0xx_rcc.o (__aeabi_uidiv)
c:/program files/gnu tools arm embedded/4.7 2013q2/bin/../lib/gcc/arm-none-eabi/4.7.4/armv6-m\libgcc.a(_dvmd_tls.o)
                              c:/program files/gnu tools arm embedded/4.7 2013q2/bin/../lib/gcc/arm-none-eabi/4.7.4/armv6-m\libgcc.a(_udivsi3.o) (__aeabi_idiv0)

Discarded input sections

 .text          0x00000000        0x0 ..\obj\stm32f0xx_rcc.o
 .data          0x00000000       0x10 ..\obj\stm32f0xx_rcc.o
 .bss           0x00000000        0x0 ..\obj\stm32f0xx_rcc.o
 .text.RCC_DeInit
                0x00000000       0x88 ..\obj\stm32f0xx_rcc.o
 .text.RCC_HSEConfig
                0x00000000       0x24 ..\obj\stm32f0xx_rcc.o
 .text.RCC_WaitForHSEStartUp
                0x00000000       0x60 ..\obj\stm32f0xx_rcc.o
 .text.RCC_AdjustHSICalibrationValue
                0x00000000       0x3c ..\obj\stm32f0xx_rcc.o
 .text.RCC_HSICmd
                0x00000000       0x38 ..\obj\stm32f0xx_rcc.o
 .text.RCC_AdjustHSI14CalibrationValue
                0x00000000       0x3c ..\obj\stm32f0xx_rcc.o
 .text.RCC_HSI14Cmd
                0x00000000       0x38 ..\obj\stm32f0xx_rcc.o
 .text.RCC_HSI14ADCRequestCmd
                0x00000000       0x38 ..\obj\stm32f0xx_rcc.o
 .text.RCC_LSEConfig
                0x00000000       0x38 ..\obj\stm32f0xx_rcc.o
 .text.RCC_LSEDriveConfig
                0x00000000       0x2c ..\obj\stm32f0xx_rcc.o
 .text.RCC_LSICmd
                0x00000000       0x38 ..\obj\stm32f0xx_rcc.o
 .text.RCC_PLLConfig
                0x00000000       0x34 ..\obj\stm32f0xx_rcc.o
 .text.RCC_PLLCmd
                0x00000000       0x40 ..\obj\stm32f0xx_rcc.o
 .text.RCC_PREDIV1Config
                0x00000000       0x34 ..\obj\stm32f0xx_rcc.o
 .text.RCC_ClockSecuritySystemCmd
                0x00000000       0x40 ..\obj\stm32f0xx_rcc.o
 .text.RCC_MCOConfig
                0x00000000       0x20 ..\obj\stm32f0xx_rcc.o
 .text.RCC_SYSCLKConfig
                0x00000000       0x34 ..\obj\stm32f0xx_rcc.o
 .text.RCC_GetSYSCLKSource
                0x00000000       0x1c ..\obj\stm32f0xx_rcc.o
 .text.RCC_HCLKConfig
                0x00000000       0x34 ..\obj\stm32f0xx_rcc.o
 .text.RCC_PCLKConfig
                0x00000000       0x38 ..\obj\stm32f0xx_rcc.o
 .text.RCC_ADCCLKConfig
                0x00000000       0x50 ..\obj\stm32f0xx_rcc.o
 .text.RCC_CECCLKConfig
                0x00000000       0x2c ..\obj\stm32f0xx_rcc.o
 .text.RCC_I2CCLKConfig
                0x00000000       0x2c ..\obj\stm32f0xx_rcc.o
 .text.RCC_USARTCLKConfig
                0x00000000       0x2c ..\obj\stm32f0xx_rcc.o
 .text.RCC_GetClocksFreq
                0x00000000      0x1cc ..\obj\stm32f0xx_rcc.o
 .text.RCC_RTCCLKConfig
                0x00000000       0x20 ..\obj\stm32f0xx_rcc.o
 .text.RCC_RTCCLKCmd
                0x00000000       0x40 ..\obj\stm32f0xx_rcc.o
 .text.RCC_BackupResetCmd
                0x00000000       0x40 ..\obj\stm32f0xx_rcc.o
 .text.RCC_APB2PeriphClockCmd
                0x00000000       0x3c ..\obj\stm32f0xx_rcc.o
 .text.RCC_APB1PeriphClockCmd
                0x00000000       0x3c ..\obj\stm32f0xx_rcc.o
 .text.RCC_AHBPeriphResetCmd
                0x00000000       0x3c ..\obj\stm32f0xx_rcc.o
 .text.RCC_APB2PeriphResetCmd
                0x00000000       0x3c ..\obj\stm32f0xx_rcc.o
 .text.RCC_APB1PeriphResetCmd
                0x00000000       0x3c ..\obj\stm32f0xx_rcc.o
 .text.RCC_ITConfig
                0x00000000       0x50 ..\obj\stm32f0xx_rcc.o
 .text.RCC_GetFlagStatus
                0x00000000       0x90 ..\obj\stm32f0xx_rcc.o
 .text.RCC_ClearFlag
                0x00000000       0x1c ..\obj\stm32f0xx_rcc.o
 .text.RCC_GetITStatus
                0x00000000       0x44 ..\obj\stm32f0xx_rcc.o
 .text.RCC_ClearITPendingBit
                0x00000000       0x20 ..\obj\stm32f0xx_rcc.o
 .text          0x00000000        0x0 ..\obj\main.o
 .data          0x00000000        0x0 ..\obj\main.o
 .bss           0x00000000        0x0 ..\obj\main.o
 .text          0x00000000        0x0 ..\obj\stm32f0xx_hd44780.o
 .data          0x00000000        0x0 ..\obj\stm32f0xx_hd44780.o
 .bss           0x00000000        0x0 ..\obj\stm32f0xx_hd44780.o
 .text.LCD_SetCgramAddress
                0x00000000       0x24 ..\obj\stm32f0xx_hd44780.o
 .text.LCD_WriteCustomCharacter
                0x00000000       0x70 ..\obj\stm32f0xx_hd44780.o
 .text.LCD_PutSignedInt
                0x00000000       0xa4 ..\obj\stm32f0xx_hd44780.o
 .text.LCD_PutUnsignedInt
                0x00000000       0x80 ..\obj\stm32f0xx_hd44780.o
 .text.LCD_EntryModeCommand
                0x00000000       0x34 ..\obj\stm32f0xx_hd44780.o
 .text.LCD_DisplayOnOffCommand
                0x00000000       0x3c ..\obj\stm32f0xx_hd44780.o
 .text.LCD_CursorDisplayShiftCommand
                0x00000000       0x34 ..\obj\stm32f0xx_hd44780.o
 .text          0x00000000       0x14 ..\obj\startup_stm32f0xx.o
 .data          0x00000000        0x0 ..\obj\startup_stm32f0xx.o
 .bss           0x00000000        0x0 ..\obj\startup_stm32f0xx.o
 .text          0x00000000        0x0 ..\obj\system_stm32f0xx_temp.o
 .bss           0x00000000        0x0 ..\obj\system_stm32f0xx_temp.o
 .text.SystemCoreClockUpdate1
                0x00000000       0xd0 ..\obj\system_stm32f0xx_temp.o
 .text          0x00000000        0x0 ..\obj\stm32f0xx_gpio.o
 .data          0x00000000        0x0 ..\obj\stm32f0xx_gpio.o
 .bss           0x00000000        0x0 ..\obj\stm32f0xx_gpio.o
 .text.GPIO_DeInit
                0x00000000       0xc8 ..\obj\stm32f0xx_gpio.o
 .text.GPIO_StructInit
                0x00000000       0x30 ..\obj\stm32f0xx_gpio.o
 .text.GPIO_PinLockConfig
                0x00000000       0x44 ..\obj\stm32f0xx_gpio.o
 .text.GPIO_ReadInputDataBit
                0x00000000       0x48 ..\obj\stm32f0xx_gpio.o
 .text.GPIO_ReadInputData
                0x00000000       0x18 ..\obj\stm32f0xx_gpio.o
 .text.GPIO_ReadOutputDataBit
                0x00000000       0x48 ..\obj\stm32f0xx_gpio.o
 .text.GPIO_ReadOutputData
                0x00000000       0x18 ..\obj\stm32f0xx_gpio.o
 .text.GPIO_Write
                0x00000000       0x1c ..\obj\stm32f0xx_gpio.o
 .text.GPIO_PinAFConfig
                0x00000000       0x9c ..\obj\stm32f0xx_gpio.o
 .data          0x00000000        0x0 c:/program files/gnu tools arm embedded/4.7 2013q2/bin/../lib/gcc/arm-none-eabi/4.7.4/armv6-m\libgcc.a(_udivsi3.o)
 .bss           0x00000000        0x0 c:/program files/gnu tools arm embedded/4.7 2013q2/bin/../lib/gcc/arm-none-eabi/4.7.4/armv6-m\libgcc.a(_udivsi3.o)
 .data          0x00000000        0x0 c:/program files/gnu tools arm embedded/4.7 2013q2/bin/../lib/gcc/arm-none-eabi/4.7.4/armv6-m\libgcc.a(_dvmd_tls.o)
 .bss           0x00000000        0x0 c:/program files/gnu tools arm embedded/4.7 2013q2/bin/../lib/gcc/arm-none-eabi/4.7.4/armv6-m\libgcc.a(_dvmd_tls.o)

Memory Configuration

Name             Origin             Length             Attributes
rom              0x08000000         0x00010000         xr
ram              0x20000000         0x00002000         xrw
*default*        0x00000000         0xffffffff

Linker script and memory map

                0x20002000                _eram = 0x20002000

.text           0x08000000      0x9b4
 *(.isr_vector)
 .isr_vector    0x08000000       0xc4 ..\obj\startup_stm32f0xx.o
                0x08000000                g_pfnVectors
 *(.text*)
 .text.RCC_AHBPeriphClockCmd
                0x080000c4       0x3c ..\obj\stm32f0xx_rcc.o
                0x080000c4                RCC_AHBPeriphClockCmd
 .text.main     0x08000100       0xa0 ..\obj\main.o
                0x08000100                main
 .text.LCD_Init
                0x080001a0       0xe4 ..\obj\stm32f0xx_hd44780.o
                0x080001a0                LCD_Init
 .text.LCD_LowLevel_Init
                0x08000284       0xbc ..\obj\stm32f0xx_hd44780.o
                0x08000284                LCD_LowLevel_Init
 .text.LCD_Clear
                0x08000340       0x18 ..\obj\stm32f0xx_hd44780.o
                0x08000340                LCD_Clear
 .text.LCD_SendByte
                0x08000358       0x54 ..\obj\stm32f0xx_hd44780.o
                0x08000358                LCD_SendByte
 .text.LCD_SendNibble
                0x080003ac       0xb0 ..\obj\stm32f0xx_hd44780.o
                0x080003ac                LCD_SendNibble
 .text.LCD_SetDdramAddress
                0x0800045c       0x28 ..\obj\stm32f0xx_hd44780.o
                0x0800045c                LCD_SetDdramAddress
 .text.LCD_Goto
                0x08000484       0x54 ..\obj\stm32f0xx_hd44780.o
                0x08000484                LCD_Goto
 .text.LCD_Putc
                0x080004d8       0x68 ..\obj\stm32f0xx_hd44780.o
                0x080004d8                LCD_Putc
 .text.LCD_Puts
                0x08000540       0x2c ..\obj\stm32f0xx_hd44780.o
                0x08000540                LCD_Puts
 .text.DelayMs  0x0800056c       0x38 ..\obj\stm32f0xx_hd44780.o
                0x0800056c                DelayMs
 .text.Reset_Handler
                0x080005a4       0x4c ..\obj\startup_stm32f0xx.o
                0x080005a4                Reset_Handler
 .text.Default_Handler
                0x080005f0        0x2 ..\obj\startup_stm32f0xx.o
                0x080005f0                TIM1_CC_IRQHandler
                0x080005f0                HardFault_Handler
                0x080005f0                ADC1_COMP_IRQHandler
                0x080005f0                SysTick_Handler
                0x080005f0                PVD_IRQHandler
                0x080005f0                PendSV_Handler
                0x080005f0                NMI_Handler
                0x080005f0                I2C1_IRQHandler
                0x080005f0                SPI1_IRQHandler
                0x080005f0                TIM6_DAC_IRQHandler
                0x080005f0                EXTI2_3_IRQHandler
                0x080005f0                I2C2_IRQHandler
                0x080005f0                TIM17_IRQHandler
                0x080005f0                RTC_IRQHandler
                0x080005f0                TIM16_IRQHandler
                0x080005f0                TIM3_IRQHandler
                0x080005f0                EXTI4_15_IRQHandler
                0x080005f0                RCC_IRQHandler
                0x080005f0                DMA1_Channel1_IRQHandler
                0x080005f0                Default_Handler
                0x080005f0                CEC_IRQHandler
                0x080005f0                TIM14_IRQHandler
                0x080005f0                DMA1_Channel4_5_IRQHandler
                0x080005f0                TIM15_IRQHandler
                0x080005f0                EXTI0_1_IRQHandler
                0x080005f0                SPI2_IRQHandler
                0x080005f0                SVC_Handler
                0x080005f0                TS_IRQHandler
                0x080005f0                WWDG_IRQHandler
                0x080005f0                TIM2_IRQHandler
                0x080005f0                DMA1_Channel2_3_IRQHandler
                0x080005f0                USART2_IRQHandler
                0x080005f0                FLASH_IRQHandler
                0x080005f0                USART1_IRQHandler
                0x080005f0                TIM1_BRK_UP_TRG_COM_IRQHandler
 *fill*         0x080005f2        0x2 00
 .text.SystemInit1
                0x080005f4       0x8c ..\obj\system_stm32f0xx_temp.o
                0x080005f4                SystemInit
                0x080005f4                SystemInit1
 .text.SetSysClock1
                0x08000680       0xe0 ..\obj\system_stm32f0xx_temp.o
                0x08000680                SetSysClock
 .text.GPIO_Init
                0x08000760      0x138 ..\obj\stm32f0xx_gpio.o
                0x08000760                GPIO_Init
 .text.GPIO_SetBits
                0x08000898       0x1c ..\obj\stm32f0xx_gpio.o
                0x08000898                GPIO_SetBits
 .text.GPIO_ResetBits
                0x080008b4       0x1c ..\obj\stm32f0xx_gpio.o
                0x080008b4                GPIO_ResetBits
 .text.GPIO_WriteBit
                0x080008d0       0x30 ..\obj\stm32f0xx_gpio.o
                0x080008d0                GPIO_WriteBit
 .text          0x08000900       0x9c c:/program files/gnu tools arm embedded/4.7 2013q2/bin/../lib/gcc/arm-none-eabi/4.7.4/armv6-m\libgcc.a(_udivsi3.o)
                0x08000900                __aeabi_uidiv
                0x08000900                __udivsi3
                0x08000988                __aeabi_uidivmod
 .text          0x0800099c        0x4 c:/program files/gnu tools arm embedded/4.7 2013q2/bin/../lib/gcc/arm-none-eabi/4.7.4/armv6-m\libgcc.a(_dvmd_tls.o)
                0x0800099c                __aeabi_idiv0
                0x0800099c                __aeabi_ldiv0
 *(.init)
 *(.fini)
 *crtbegin.o(.ctors)
 *crtbegin?.o(.ctors)
 *(EXCLUDE_FILE(*crtend.o *crtend?.o) .ctors)
 *(SORT(.ctors.*))
 *(.ctors)
 *crtbegin.o(.dtors)
 *crtbegin?.o(.dtors)
 *(EXCLUDE_FILE(*crtend.o *crtend?.o) .dtors)
 *(SORT(.dtors.*))
 *(.dtors)
 *(.rodata*)
 .rodata        0x080009a0       0x14 ..\obj\main.o
 *(.eh_fram e*)

.glue_7         0x080009b4        0x0
 .glue_7        0x00000000        0x0 linker stubs

.glue_7t        0x080009b4        0x0
 .glue_7t       0x00000000        0x0 linker stubs

.vfp11_veneer   0x080009b4        0x0
 .vfp11_veneer  0x00000000        0x0 linker stubs

.v4_bx          0x080009b4        0x0
 .v4_bx         0x00000000        0x0 linker stubs

.iplt           0x080009b4        0x0
 .iplt          0x00000000        0x0 ..\obj\stm32f0xx_rcc.o

.rel.dyn        0x080009b4        0x0
 .rel.iplt      0x00000000        0x0 ..\obj\stm32f0xx_rcc.o

.ARM.extab
 *(.ARM.extab* .gnu.linkonce.armextab.*)
                0x080009b4                __exidx_start = .

.ARM.exidx
 *(.ARM.exidx* .gnu.linkonce.armexidx.*)
                0x080009b4                __exidx_end = .
                0x080009b4                __etext = .
                0x080009b4                _sidata = __etext

.data           0x20000000       0x14 load address 0x080009b4
                0x20000000                __data_start__ = .
                0x20000000                _sdata = __data_start__
 *(vtable)
 *(.data*)
 .data          0x20000000       0x14 ..\obj\system_stm32f0xx_temp.o
                0x20000000                SystemCoreClock
                0x20000004                AHBPrescTable
                0x20000014                . = ALIGN (0x4)
                0x20000014                PROVIDE (__preinit_array_start, .)
 *(.preinit_array)
                0x20000014                PROVIDE (__preinit_array_end, .)
                0x20000014                . = ALIGN (0x4)
                0x20000014                PROVIDE (__init_array_start, .)
 *(SORT(.init_array.*))
 *(.init_array)
                0x20000014                PROVIDE (__init_array_end, .)
                0x20000014                . = ALIGN (0x4)
                0x20000014                PROVIDE (__fini_array_start, .)
 *(SORT(.fini_array.*))
 *(.fini_array)
                0x20000014                PROVIDE (__fini_array_end, .)
 *(.jcr*)
                0x20000014                . = ALIGN (0x4)
                0x20000014                __data_end__ = .
                0x20000014                _edata = __data_end__

.igot.plt       0x20000014        0x0 load address 0x080009c8
 .igot.plt      0x00000000        0x0 ..\obj\stm32f0xx_rcc.o

.bss            0x20000014        0x0
                0x20000014                . = ALIGN (0x4)
                0x20000014                __bss_start__ = .
                0x20000014                _sbss = __bss_start__
 *(.bss*)
 *(COMMON)
                0x20000014                . = ALIGN (0x4)
                0x20000014                __bss_end__ = .
                0x20000014                _ebss = __bss_end__

.heap           0x20000014        0x0
                0x20000014                __end__ = .
                0x20000014                _end = __end__
                0x20000014                end = __end__
 *(.heap*)
                0x20000014                __HeapLimit = .

.co_stack       0x20000014        0x4 load address 0x080009c8
                0x20000018                . = ALIGN (0x8)
 *fill*         0x20000014        0x4 00
 *(.co_stack .co_stack.*)
                0x20002000                __StackTop = (ORIGIN (ram) + 0x2000)
                0x20001ffc                __StackLimit = (__StackTop - SIZEOF (.co_stack))
                0x20002000                PROVIDE (__stack, __StackTop)
                0x00000001                ASSERT ((__StackLimit >= __HeapLimit), region ram  overflowed with stack)
LOAD ..\obj\stm32f0xx_rcc.o
LOAD ..\obj\main.o
LOAD ..\obj\stm32f0xx_hd44780.o
LOAD ..\obj\startup_stm32f0xx.o
LOAD ..\obj\system_stm32f0xx_temp.o
LOAD ..\obj\stm32f0xx_gpio.o
START GROUP
LOAD c:/program files/gnu tools arm embedded/4.7 2013q2/bin/../lib/gcc/arm-none-eabi/4.7.4/armv6-m\libgcc.a
LOAD c:/program files/gnu tools arm embedded/4.7 2013q2/bin/../lib/gcc/arm-none-eabi/4.7.4/../../../../arm-none-eabi/lib/armv6-m\libg.a
LOAD c:/program files/gnu tools arm embedded/4.7 2013q2/bin/../lib/gcc/arm-none-eabi/4.7.4/../../../../arm-none-eabi/lib/armv6-m\libc.a
END GROUP
OUTPUT(DENEME.elf elf32-littlearm)

.debug_info     0x00000000     0x1c9b
 .debug_info    0x00000000      0xa6a ..\obj\stm32f0xx_rcc.o
 .debug_info    0x00000a6a       0xe5 ..\obj\main.o
 .debug_info    0x00000b4f      0x772 ..\obj\stm32f0xx_hd44780.o
 .debug_info    0x000012c1       0xb1 ..\obj\startup_stm32f0xx.o
 .debug_info    0x00001372      0x310 ..\obj\system_stm32f0xx_temp.o
 .debug_info    0x00001682      0x619 ..\obj\stm32f0xx_gpio.o

.debug_abbrev   0x00000000      0x6ec
 .debug_abbrev  0x00000000      0x1ee ..\obj\stm32f0xx_rcc.o
 .debug_abbrev  0x000001ee       0x7c ..\obj\main.o
 .debug_abbrev  0x0000026a      0x19d ..\obj\stm32f0xx_hd44780.o
 .debug_abbrev  0x00000407       0x12 ..\obj\startup_stm32f0xx.o
 .debug_abbrev  0x00000419      0x136 ..\obj\system_stm32f0xx_temp.o
 .debug_abbrev  0x0000054f      0x19d ..\obj\stm32f0xx_gpio.o

.debug_loc      0x00000000      0xfbe
 .debug_loc     0x00000000      0x864 ..\obj\stm32f0xx_rcc.o
 .debug_loc     0x00000864       0x38 ..\obj\main.o
 .debug_loc     0x0000089c      0x3ae ..\obj\stm32f0xx_hd44780.o
 .debug_loc     0x00000c4a       0x9c ..\obj\system_stm32f0xx_temp.o
 .debug_loc     0x00000ce6      0x2d8 ..\obj\stm32f0xx_gpio.o

.debug_aranges  0x00000000      0x2e8
 .debug_aranges
                0x00000000      0x150 ..\obj\stm32f0xx_rcc.o
 .debug_aranges
                0x00000150       0x20 ..\obj\main.o
 .debug_aranges
                0x00000170       0xa0 ..\obj\stm32f0xx_hd44780.o
 .debug_aranges
                0x00000210       0x28 ..\obj\startup_stm32f0xx.o
 .debug_aranges
                0x00000238       0x30 ..\obj\system_stm32f0xx_temp.o
 .debug_aranges
                0x00000268       0x80 ..\obj\stm32f0xx_gpio.o

.debug_ranges   0x00000000      0x290
 .debug_ranges  0x00000000      0x140 ..\obj\stm32f0xx_rcc.o
 .debug_ranges  0x00000140       0x10 ..\obj\main.o
 .debug_ranges  0x00000150       0x90 ..\obj\stm32f0xx_hd44780.o
 .debug_ranges  0x000001e0       0x20 ..\obj\startup_stm32f0xx.o
 .debug_ranges  0x00000200       0x20 ..\obj\system_stm32f0xx_temp.o
 .debug_ranges  0x00000220       0x70 ..\obj\stm32f0xx_gpio.o

.debug_line     0x00000000      0xea7
 .debug_line    0x00000000      0x4ca ..\obj\stm32f0xx_rcc.o
 .debug_line    0x000004ca      0x17c ..\obj\main.o
 .debug_line    0x00000646      0x394 ..\obj\stm32f0xx_hd44780.o
 .debug_line    0x000009da       0xae ..\obj\startup_stm32f0xx.o
 .debug_line    0x00000a88      0x17a ..\obj\system_stm32f0xx_temp.o
 .debug_line    0x00000c02      0x2a5 ..\obj\stm32f0xx_gpio.o

.debug_str      0x00000000      0xd2a
 .debug_str     0x00000000      0x64c ..\obj\stm32f0xx_rcc.o
                                0x6cb (size before relaxing)
 .debug_str     0x0000064c       0x72 ..\obj\main.o
                                0x150 (size before relaxing)
 .debug_str     0x000006be      0x441 ..\obj\stm32f0xx_hd44780.o
                                0x581 (size before relaxing)
 .debug_str     0x00000aff       0x9d ..\obj\system_stm32f0xx_temp.o
                                0x242 (size before relaxing)
 .debug_str     0x00000b9c      0x18e ..\obj\stm32f0xx_gpio.o
                                0x432 (size before relaxing)

.comment        0x00000000       0x70
 .comment       0x00000000       0x70 ..\obj\stm32f0xx_rcc.o
                                 0x71 (size before relaxing)
 .comment       0x00000000       0x71 ..\obj\main.o
 .comment       0x00000000       0x71 ..\obj\stm32f0xx_hd44780.o
 .comment       0x00000000       0x71 ..\obj\system_stm32f0xx_temp.o
 .comment       0x00000000       0x71 ..\obj\stm32f0xx_gpio.o

.ARM.attributes
                0x00000000       0x2f
 .ARM.attributes
                0x00000000       0x31 ..\obj\stm32f0xx_rcc.o
 .ARM.attributes
                0x00000031       0x31 ..\obj\main.o
 .ARM.attributes
                0x00000062       0x31 ..\obj\stm32f0xx_hd44780.o
 .ARM.attributes
                0x00000093       0x21 ..\obj\startup_stm32f0xx.o
 .ARM.attributes
                0x000000b4       0x31 ..\obj\system_stm32f0xx_temp.o
 .ARM.attributes
                0x000000e5       0x31 ..\obj\stm32f0xx_gpio.o
 .ARM.attributes
                0x00000116       0x1e c:/program files/gnu tools arm embedded/4.7 2013q2/bin/../lib/gcc/arm-none-eabi/4.7.4/armv6-m\libgcc.a(_udivsi3.o)
 .ARM.attributes
                0x00000134       0x1e c:/program files/gnu tools arm embedded/4.7 2013q2/bin/../lib/gcc/arm-none-eabi/4.7.4/armv6-m\libgcc.a(_dvmd_tls.o)

.debug_frame    0x00000000      0x97c
 .debug_frame   0x00000000      0x4e4 ..\obj\stm32f0xx_rcc.o
 .debug_frame   0x000004e4       0x30 ..\obj\main.o
 .debug_frame   0x00000514      0x22c ..\obj\stm32f0xx_hd44780.o
 .debug_frame   0x00000740       0x6c ..\obj\system_stm32f0xx_temp.o
 .debug_frame   0x000007ac      0x1b0 ..\obj\stm32f0xx_gpio.o
 .debug_frame   0x0000095c       0x20 c:/program files/gnu tools arm embedded/4.7 2013q2/bin/../lib/gcc/arm-none-eabi/4.7.4/armv6-m\libgcc.a(_udivsi3.o)
